[mentoriasouza.site/marmitas/index.html]
[backblue.gif]
[fade.gif]
[index.html]
[mentoriasouza.site/marmitas/css/cookieblocker.min.css]
[mentoriasouza.site/marmitas/css/frontend.min.css]
[mentoriasouza.site/marmitas/css/swiper.min.css]
[mentoriasouza.site/marmitas/css/e-swiper.min.css]
[mentoriasouza.site/marmitas/css/post-10.css]
[mentoriasouza.site/marmitas/css/frontend.min_1.css]
[mentoriasouza.site/marmitas/css/widget-heading.min.css]
[mentoriasouza.site/marmitas/css/widget-text-editor.min.css]
[mentoriasouza.site/marmitas/css/widget-video.min.css]
[mentoriasouza.site/marmitas/css/widget-icon-box.min.css]
[mentoriasouza.site/marmitas/css/post-15.css]
[mentoriasouza.site/marmitas/js/timeme.min.js]
[mentoriasouza.site/marmitas/js/burst.min.js]
[mentoriasouza.site/marmitas/js/js.cookie-2.1.3.min.js]
[mentoriasouza.site/marmitas/js/jquery.min.js]
[mentoriasouza.site/marmitas/js/jquery-migrate.min.js]
[mentoriasouza.site/marmitas/js/jquery.bind-first-0.2.3.min.js]
[mentoriasouza.site/marmitas/js/public.js]
[mentoriasouza.site/marmitas/fonts/Inter-VariableFont_slnt,wght.woff2]
[mentoriasouza.site/marmitas/fonts/cardo_normal_400.woff2]
[mentoriasouza.site/marmitas/fonts/cardo_italic_400.woff2]
[mentoriasouza.site/marmitas/fonts/cardo_normal_700.woff2]
[mentoriasouza.site/marmitas/images/images-150x150.jpg]
[mentoriasouza.site/marmitas/images/images.jpg]
[mentoriasouza.site/marmitas/images/LOGO-MARMITA-FIT-2-1.png]
[connect.facebook.net/en_US/fbevents.js]
[mentoriasouza.site/marmitas/images/CAPA-VSL-MARMITAFIT-1.jpg]
[mentoriasouza.site/marmitas/images/img-marmita-fit-01.png]
[mentoriasouza.site/marmitas/images/modelo-marmita-01.png]
[mentoriasouza.site/marmitas/images/modelo-marmita-03.png]
[mentoriasouza.site/marmitas/images/modelo-marmita-02.png]
[mentoriasouza.site/marmitas/images/Agrupar-1-mesclada-4.png]
[mentoriasouza.site/marmitas/images/Agrupar-1-mesclada-3-1.png]
[mentoriasouza.site/marmitas/images/Agrupar-1-mesclada-2-1.png]
[mentoriasouza.site/marmitas/images/Agrupar-1-mesclada-1-1.png]
[mentoriasouza.site/marmitas/images/Agrupar-1-mesclada-1.png]
[mentoriasouza.site/marmitas/images/Agrupar-1-mesclada-5.png]
[mentoriasouza.site/marmitas/images/chat-marmita-05.jpg]
[mentoriasouza.site/marmitas/images/chat-marmita-04.jpg]
[mentoriasouza.site/marmitas/images/chat-marmita-03.jpg]
[mentoriasouza.site/marmitas/images/chat-marmita-02.jpg]
[mentoriasouza.site/marmitas/images/chat-marmita-01.jpg]
[mentoriasouza.site/marmitas/images/chat-marmita-06.jpg]
[mentoriasouza.site/marmitas/images/Certificado-de-Conclusao-1024x724.png]
[mentoriasouza.site/marmitas/images/risco-zero-fznd-1.png]
[mentoriasouza.site/marmitas/images/modleo-acess-marmita.png]
[mentoriasouza.site/marmitas/images/payments-logo-1-1.png]
[mentoriasouza.site/marmitas/js/notiflix-aio-2.6.0.min.js]
[mentoriasouza.site/marmitas/js/webpack-pro.runtime.min.js]
[mentoriasouza.site/marmitas/js/webpack.runtime.min.js]
[mentoriasouza.site/marmitas/js/frontend-modules.min.js]
[mentoriasouza.site/marmitas/js/hooks.min.js]
[mentoriasouza.site/marmitas/js/i18n.min.js]
[mentoriasouza.site/marmitas/js/frontend.min_1.js]
[mentoriasouza.site/marmitas/js/core.min.js]
[mentoriasouza.site/marmitas/js/frontend.min.js]
[mentoriasouza.site/marmitas/index.html]
[mentoriasouza.site/marmitas/css/cookieblocker.min.css]
[mentoriasouza.site/marmitas/css/frontend.min.css]
[mentoriasouza.site/marmitas/css/swiper.min.css]
[mentoriasouza.site/marmitas/css/e-swiper.min.css]
[mentoriasouza.site/marmitas/css/post-10.css]
[mentoriasouza.site/marmitas/js/preloaded-elements-handlers.min.js]
[mentoriasouza.site/marmitas/css/frontend.min_1.css]
[mentoriasouza.site/marmitas/css/e-animation-grow.min.css]
[mentoriasouza.site/marmitas/css/widget-image.min.css]
[mentoriasouza.site/marmitas/css/widget-heading.min.css]
[mentoriasouza.site/marmitas/css/widget-text-editor.min.css]
[mentoriasouza.site/marmitas/css/widget-video.min.css]
[mentoriasouza.site/marmitas/css/widget-icon-box.min.css]
[mentoriasouza.site/marmitas/css/widget-menu-anchor.min.css]
[mentoriasouza.site/marmitas/images/Marmita-Fit-bg.jpg]
[mentoriasouza.site/marmitas/images/bg-marmita-01.jpg]
[mentoriasouza.site/marmitas/css/post-15.css]
[mentoriasouza.site/marmitas/js/timeme.min.js]
[mentoriasouza.site/marmitas/js/burst.min.js]
[mentoriasouza.site/marmitas/js/js.cookie-2.1.3.min.js]
[mentoriasouza.site/marmitas/js/jquery.min.js]
[mentoriasouza.site/marmitas/js/jquery-migrate.min.js]
[mentoriasouza.site/marmitas/js/jquery.bind-first-0.2.3.min.js]
[mentoriasouza.site/marmitas/youtube.com/v/index.html]
[mentoriasouza.site/marmitas/youtube.com/embed/index.html]
[mentoriasouza.site/marmitas/player.vimeo.com/video/index.html]
[analytics.tiktok.com/i18n/pixel/events.js]
[mentoriasouza.site/marmitas/js/public.js]
[mentoriasouza.site/marmitas/a]
[mentoriasouza.site/marmitas/POST]
[mentoriasouza.site/marmitas/schema.org/index.html]
[mentoriasouza.site/marmitas/b.resolvedLink]
[mentoriasouza.site/signals/iwl.js]
[mentoriasouza.site/marmitas/c.dl]
[mentoriasouza.site/marmitas/c.rl]
[connect.facebook.net/en_US/fbevents.js]
[mentoriasouza.site/marmitas/js/notiflix-aio-2.6.0.min.js]
[mentoriasouza.site/marmitas/js/webpack-pro.runtime.min.js]
[mentoriasouza.site/marmitas/js/webpack.runtime.min.js]
[mentoriasouza.site/marmitas/js/frontend-modules.min.js]
[mentoriasouza.site/marmitas/js/hooks.min.js]
[mentoriasouza.site/marmitas/js/i18n.min.js]
[mentoriasouza.site/marmitas/js/frontend.min_1.js]
[mentoriasouza.site/marmitas/js/core.min.js]
[mentoriasouza.site/marmitas/-negative.svg]
[mentoriasouza.site/marmitas/js/frontend.min.js]
[mentoriasouza.site/marmitas/OPR/index.html]
[mentoriasouza.site/marmitas/document.location]
[mentoriasouza.site/marmitas/js/preloaded-elements-handlers.min.js]
[mentoriasouza.site/marmitas/youtube.com/embed/index.html]
[mentoriasouza.site/marmitas/youtube.com/v/index.html]
[mentoriasouza.site/marmitas/player.vimeo.com/video/index.html]
[mentoriasouza.site/marmitas/a.html]
[mentoriasouza.site/marmitas/POST.html]
[mentoriasouza.site/marmitas/schema.org/index.html]
[mentoriasouza.site/marmitas/b.html]
[mentoriasouza.site/signals/iwl.html]
[mentoriasouza.site/marmitas/c.html]
[mentoriasouza.site/marmitas/c-2.html]
[mentoriasouza.site/marmitas/-negative.html]
[mentoriasouza.site/marmitas/OPR/index.html]
[mentoriasouza.site/marmitas/document.html]
